
> interview@0.1.0 build
> next build

Γû▓ Next.js 16.2.3 (Turbopack)
- Environments: .env

  Creating an optimized production build ...
node.exe : 
At C:\Program Files\nodejs\npm.ps1:29 char:3
+   & $NODE_EXE $NPM_CLI_JS $args
+   ~~~~~~~~~~~~~~~~~~~~~~~~~~~~~
    + CategoryInfo          : NotSpecified: (:String) [], RemoteException
    + FullyQualifiedErrorId : NativeCommandError
 
> Build error occurred
Error: Turbopack build failed with 10 errors:
./app/(main)/call/[callId]/_components/CallUI.jsx:29:1
Module not found: Can't resolve './AIQuestions'
  [90m27 |[0m [36mimport[0m { [33mBadge[0m } [36mfrom[0m [32m"@/components/ui/badge"[0m;
  [90m28 |[0m [36mimport[0m { [33mMessageSquare[0m, [33mSparkles[0m, [33mLoader2[0m } [36mfrom[0m 
[32m"lucide-react"[0m;
[31m[1m>[0m [90m29 |[0m [36mimport[0m [33mAIQuestionsPanel[0m [36mfrom[0m [32m"./AIQuestions"[0m;
  [90m   |[0m [31m[1m^^^^^^^^^^^^^^^^^^^^^^^^^^^^^^^^^^^^^^^^^^^^^[0m
  [90m30 |[0m
  [90m31 |[0m [90m// ΓöÇΓöÇΓöÇ Call UI (inside StreamCall context) 
ΓöÇΓöÇΓöÇΓöÇΓöÇΓöÇΓöÇΓöÇΓöÇΓöÇΓöÇΓöÇΓöÇΓöÇΓöÇΓöÇΓöÇΓöÇΓöÇΓöÇΓöÇΓöÇΓöÇΓöÇΓöÇΓöÇΓöÇΓöÇΓöÇΓöÇΓöÇΓöÇΓöÇΓöÇΓöÇΓöÇΓöÇ[0m
  [90m32 |[0m



Import traces:
  Client Component Browser:
    ./app/(main)/call/[callId]/_components/CallUI.jsx [Client Component Browser]
    ./app/(main)/call/[callId]/_components/CallRoom.jsx [Client Component Browser]
    ./app/(main)/call/[callId]/_components/CallRoom.jsx [Server Component]
    ./app/(main)/call/[callId]/page.jsx [Server Component]

  Client Component SSR:
    ./app/(main)/call/[callId]/_components/CallUI.jsx [Client Component SSR]
    ./app/(main)/call/[callId]/_components/CallRoom.jsx [Client Component SSR]
    ./app/(main)/call/[callId]/_components/CallRoom.jsx [Server Component]
    ./app/(main)/call/[callId]/page.jsx [Server Component]

https://nextjs.org/docs/messages/module-not-found


./app/(main)/dashboard/page.jsx:12:1
Module not found: Can't resolve './components/AppointmentsSection'
  [90m10 |[0m } [36mfrom[0m [32m"@/actions/dashboard"[0m;
  [90m11 |[0m [36mimport[0m [33mAvailabilitySection[0m [36mfrom[0m [32m"./components/AvailabilitySection"[0m;
[31m[1m>[0m [90m12 |[0m [36mimport[0m [33mAppointmentsSection[0m [36mfrom[0m 
[32m"./components/AppointmentsSection"[0m;
  [90m   |[0m [31m[1m^^^^^^^^^^^^^^^^^^^^^^^^^^^^^^^^^^^^^^^^^^^^^^^^^^^^^^^^^^^^^^^^^^^[0m
  [90m13 |[0m [36mimport[0m [33mEarningsSection[0m [36mfrom[0m [32m"./components/EarningsSection"[0m;
  [90m14 |[0m [36mimport[0m { [33mClipboardList[0m, [33mClock[0m, [33mWallet[0m } [36mfrom[0m 
[32m"lucide-react"[0m;
  [90m15 |[0m [36mimport[0m { getCurrentUser } [36mfrom[0m [32m"@/actions/user"[0m;



https://nextjs.org/docs/messages/module-not-found


./app/(main)/dashboard/page.jsx:11:1
Module not found: Can't resolve './components/AvailabilitySection'
  [90m 9 |[0m   getWithdrawalHistory,
  [90m10 |[0m } [36mfrom[0m [32m"@/actions/dashboard"[0m;
[31m[1m>[0m [90m11 |[0m [36mimport[0m [33mAvailabilitySection[0m [36mfrom[0m 
[32m"./components/AvailabilitySection"[0m;
  [90m   |[0m [31m[1m^^^^^^^^^^^^^^^^^^^^^^^^^^^^^^^^^^^^^^^^^^^^^^^^^^^^^^^^^^^^^^^^^^^[0m
  [90m12 |[0m [36mimport[0m [33mAppointmentsSection[0m [36mfrom[0m [32m"./components/AppointmentsSection"[0m;
  [90m13 |[0m [36mimport[0m [33mEarningsSection[0m [36mfrom[0m [32m"./components/EarningsSection"[0m;
  [90m14 |[0m [36mimport[0m { [33mClipboardList[0m, [33mClock[0m, [33mWallet[0m } [36mfrom[0m 
[32m"lucide-react"[0m;



https://nextjs.org/docs/messages/module-not-found


./app/(main)/dashboard/page.jsx:13:1
Module not found: Can't resolve './components/EarningsSection'
  [90m11 |[0m [36mimport[0m [33mAvailabilitySection[0m [36mfrom[0m [32m"./components/AvailabilitySection"[0m;
  [90m12 |[0m [36mimport[0m [33mAppointmentsSection[0m [36mfrom[0m [32m"./components/AppointmentsSection"[0m;
[31m[1m>[0m [90m13 |[0m [36mimport[0m [33mEarningsSection[0m [36mfrom[0m 
[32m"./components/EarningsSection"[0m;
  [90m   |[0m [31m[1m^^^^^^^^^^^^^^^^^^^^^^^^^^^^^^^^^^^^^^^^^^^^^^^^^^^^^^^^^^^[0m
  [90m14 |[0m [36mimport[0m { [33mClipboardList[0m, [33mClock[0m, [33mWallet[0m } [36mfrom[0m 
[32m"lucide-react"[0m;
  [90m15 |[0m [36mimport[0m { getCurrentUser } [36mfrom[0m [32m"@/actions/user"[0m;
  [90m16 |[0m



https://nextjs.org/docs/messages/module-not-found


./emails/WithdrawalRequestEmail.jsx:1:1
Module not found: Can't resolve '@react-email/components'
[31m[1m>[0m [90m 1 |[0m [36mimport[0m {
  [90m   |[0m [31m[1m^^^^^^^[0m
[31m[1m>[0m [90m 2 |[0m   [33mHtml[0m,
  [90m   |[0m [31m[1m^^^^^^^[0m
[31m[1m>[0m [90m 3 |[0m   [33mBody[0m,
  [90m   |[0m [31m[1m^^^^^^^[0m
[31m[1m>[0m [90m 4 |[0m   [33mContainer[0m,
  [90m   |[0m [31m[1m^^^^^^^^^^^^[0m
[31m[1m>[0m [90m 5 |[0m   [33mText[0m,
  [90m   |[0m [31m[1m^^^^^^^[0m
[31m[1m>[0m [90m 6 |[0m   [33mButton[0m,
  [90m   |[0m [31m[1m^^^^^^^^^[0m
[31m[1m>[0m [90m 7 |[0m   [33mHr[0m,
  [90m   |[0m [31m[1m^^^^^[0m
[31m[1m>[0m [90m 8 |[0m } [36mfrom[0m [32m"@react-email/components"[0m;
  [90m   |[0m [31m[1m^^^^^^^^^^^^^^^^^^^^^^^^^^^^^^^^^[0m
  [90m 9 |[0m
  [90m10 |[0m [36mexport[0m [36mfunction[0m [33mWithdrawalRequestEmail[0m({
  [90m11 |[0m   interviewerName,



Import trace:
  Server Component:
    ./emails/WithdrawalRequestEmail.jsx
    ./actions/dashboard.js
    ./app/(main)/dashboard/page.jsx

https://nextjs.org/docs/messages/module-not-found


./actions/dashboard.js:10:1
Module not found: Can't resolve '@react-email/render'
  [90m 8 |[0m [36mimport[0m { [33mResend[0m } [36mfrom[0m [32m"resend"[0m;
  [90m 9 |[0m [36mimport[0m { [33mWithdrawalRequestEmail[0m } [36mfrom[0m 
[32m"@/emails/WithdrawalRequestEmail"[0m;
[31m[1m>[0m [90m10 |[0m [36mimport[0m { render } [36mfrom[0m [32m"@react-email/render"[0m;
  [90m   |[0m [31m[1m^^^^^^^^^^^^^^^^^^^^^^^^^^^^^^^^^^^^^^^^^^^^^[0m
  [90m11 |[0m
  [90m12 |[0m [36mconst[0m resend = [36mnew[0m [33mResend[0m(process.env.[33mRESEND_API_KEY[0m);
  [90m13 |[0m [36mconst[0m [33mADMIN_EMAIL[0m = [32m"princegond370@gmail.com"[0m;



Import trace:
  Server Component:
    ./actions/dashboard.js
    ./app/(main)/dashboard/page.jsx

https://nextjs.org/docs/messages/module-not-found


./actions/dashboard.js:8:1
Module not found: Can't resolve 'resend'
  [90m 6 |[0m [36mimport[0m { request } [36mfrom[0m [32m"@arcjet/next"[0m;
  [90m 7 |[0m [36mimport[0m { createRateLimiter, checkRateLimit } [36mfrom[0m [32m"@/lib/arcjet"[0m;
[31m[1m>[0m [90m 8 |[0m [36mimport[0m { [33mResend[0m } [36mfrom[0m [32m"resend"[0m;
  [90m   |[0m [31m[1m^^^^^^^^^^^^^^^^^^^^^^^^^^^^^^^^[0m
  [90m 9 |[0m [36mimport[0m { [33mWithdrawalRequestEmail[0m } [36mfrom[0m 
[32m"@/emails/WithdrawalRequestEmail"[0m;
  [90m10 |[0m [36mimport[0m { render } [36mfrom[0m [32m"@react-email/render"[0m;
  [90m11 |[0m



Import trace:
  Server Component:
    ./actions/dashboard.js
    ./app/(main)/dashboard/page.jsx

https://nextjs.org/docs/messages/module-not-found


./app/(main)/call/[callId]/_components/CallUI.jsx:25:1
Module not found: Can't resolve 'stream-chat-react/dist/css/v2/index.css'
  [90m23 |[0m   useCreateChatClient,
  [90m24 |[0m } [36mfrom[0m [32m"stream-chat-react"[0m;
[31m[1m>[0m [90m25 |[0m [36mimport[0m [32m"stream-chat-react/dist/css/v2/index.css"[0m;
  [90m   |[0m [31m[1m^^^^^^^^^^^^^^^^^^^^^^^^^^^^^^^^^^^^^^^^^^^^^^^^^[0m
  [90m26 |[0m
  [90m27 |[0m [36mimport[0m { [33mBadge[0m } [36mfrom[0m [32m"@/components/ui/badge"[0m;
  [90m28 |[0m [36mimport[0m { [33mMessageSquare[0m, [33mSparkles[0m, [33mLoader2[0m } [36mfrom[0m 
[32m"lucide-react"[0m;



Import traces:
  Client Component Browser:
    ./app/(main)/call/[callId]/_components/CallUI.jsx [Client Component Browser]
    ./app/(main)/call/[callId]/_components/CallRoom.jsx [Client Component Browser]
    ./app/(main)/call/[callId]/_components/CallRoom.jsx [Server Component]
    ./app/(main)/call/[callId]/page.jsx [Server Component]

  Client Component SSR:
    ./app/(main)/call/[callId]/_components/CallUI.jsx [Client Component SSR]
    ./app/(main)/call/[callId]/_components/CallRoom.jsx [Client Component SSR]
    ./app/(main)/call/[callId]/_components/CallRoom.jsx [Server Component]
    ./app/(main)/call/[callId]/page.jsx [Server Component]

https://nextjs.org/docs/messages/module-not-found


./app/(main)/call/[callId]/_components/CallUI.jsx:17:1
Export MessageInput doesn't exist in target module
  [90m15 |[0m
  [90m16 |[0m [90m// Stream Chat[0m
[31m[1m>[0m [90m17 |[0m [36mimport[0m {
  [90m   |[0m [31m[1m^^^^^^^[0m
[31m[1m>[0m [90m18 |[0m   [33mChat[0m,
  [90m   |[0m [31m[1m^^^^^^^[0m
[31m[1m>[0m [90m19 |[0m   [33mChannel[0m,
  [90m   |[0m [31m[1m^^^^^^^^^^[0m
[31m[1m>[0m [90m20 |[0m   [33mMessageList[0m,
  [90m   |[0m [31m[1m^^^^^^^^^^^^^^[0m
[31m[1m>[0m [90m21 |[0m   [33mMessageInput[0m,
  [90m   |[0m [31m[1m^^^^^^^^^^^^^^^[0m
[31m[1m>[0m [90m22 |[0m   [33mWindow[0m,
  [90m   |[0m [31m[1m^^^^^^^^^[0m
[31m[1m>[0m [90m23 |[0m   useCreateChatClient,
  [90m   |[0m [31m[1m^^^^^^^^^^^^^^^^^^^^^^[0m
[31m[1m>[0m [90m24 |[0m } [36mfrom[0m [32m"stream-chat-react"[0m;
  [90m   |[0m [31m[1m^^^^^^^^^^^^^^^^^^^^^^^^^^^[0m
  [90m25 |[0m [36mimport[0m [32m"stream-chat-react/dist/css/v2/index.css"[0m;
  [90m26 |[0m
  [90m27 |[0m [36mimport[0m { [33mBadge[0m } [36mfrom[0m [32m"@/components/ui/badge"[0m;

The export MessageInput was not found in module [project]/node_modules/stream-chat-react/dist/es/index.mjs 
[app-client] (ecmascript).
Did you mean to import Message?
All exports of the module are statically known (It doesn't have dynamic exports). So it's known statically that the 
requested export doesn't exist.

Import traces:
  Client Component Browser:
    ./app/(main)/call/[callId]/_components/CallUI.jsx [Client Component Browser]
    ./app/(main)/call/[callId]/_components/CallRoom.jsx [Client Component Browser]
    ./app/(main)/call/[callId]/_components/CallRoom.jsx [Server Component]
    ./app/(main)/call/[callId]/page.jsx [Server Component]

  Client Component SSR:
    ./app/(main)/call/[callId]/_components/CallUI.jsx [Client Component SSR]
    ./app/(main)/call/[callId]/_components/CallRoom.jsx [Client Component SSR]
    ./app/(main)/call/[callId]/_components/CallRoom.jsx [Server Component]
    ./app/(main)/call/[callId]/page.jsx [Server Component]


./app/(main)/call/[callId]/_components/CallUI.jsx:17:1
Export MessageInput doesn't exist in target module
  [90m15 |[0m
  [90m16 |[0m [90m// Stream Chat[0m
[31m[1m>[0m [90m17 |[0m [36mimport[0m {
  [90m   |[0m [31m[1m^^^^^^^[0m
[31m[1m>[0m [90m18 |[0m   [33mChat[0m,
  [90m   |[0m [31m[1m^^^^^^^[0m
[31m[1m>[0m [90m19 |[0m   [33mChannel[0m,
  [90m   |[0m [31m[1m^^^^^^^^^^[0m
[31m[1m>[0m [90m20 |[0m   [33mMessageList[0m,
  [90m   |[0m [31m[1m^^^^^^^^^^^^^^[0m
[31m[1m>[0m [90m21 |[0m   [33mMessageInput[0m,
  [90m   |[0m [31m[1m^^^^^^^^^^^^^^^[0m
[31m[1m>[0m [90m22 |[0m   [33mWindow[0m,
  [90m   |[0m [31m[1m^^^^^^^^^[0m
[31m[1m>[0m [90m23 |[0m   useCreateChatClient,
  [90m   |[0m [31m[1m^^^^^^^^^^^^^^^^^^^^^^[0m
[31m[1m>[0m [90m24 |[0m } [36mfrom[0m [32m"stream-chat-react"[0m;
  [90m   |[0m [31m[1m^^^^^^^^^^^^^^^^^^^^^^^^^^^[0m
  [90m25 |[0m [36mimport[0m [32m"stream-chat-react/dist/css/v2/index.css"[0m;
  [90m26 |[0m
  [90m27 |[0m [36mimport[0m { [33mBadge[0m } [36mfrom[0m [32m"@/components/ui/badge"[0m;

The export MessageInput was not found in module [project]/node_modules/stream-chat-react/dist/es/index.mjs [app-ssr] 
(ecmascript).
Did you mean to import Message?
All exports of the module are statically known (It doesn't have dynamic exports). So it's known statically that the 
requested export doesn't exist.

Import traces:
  Client Component Browser:
    ./app/(main)/call/[callId]/_components/CallUI.jsx [Client Component Browser]
    ./app/(main)/call/[callId]/_components/CallRoom.jsx [Client Component Browser]
    ./app/(main)/call/[callId]/_components/CallRoom.jsx [Server Component]
    ./app/(main)/call/[callId]/page.jsx [Server Component]

  Client Component SSR:
    ./app/(main)/call/[callId]/_components/CallUI.jsx [Client Component SSR]
    ./app/(main)/call/[callId]/_components/CallRoom.jsx [Client Component SSR]
    ./app/(main)/call/[callId]/_components/CallRoom.jsx [Server Component]
    ./app/(main)/call/[callId]/page.jsx [Server Component]


    at <unknown> (./app/(main)/call/[callId]/_components/CallUI.jsx:29:1)
    at <unknown> (https://nextjs.org/docs/messages/module-not-found)
    at <unknown> (./app/(main)/dashboard/page.jsx:12:1)
    at <unknown> (https://nextjs.org/docs/messages/module-not-found)
    at <unknown> (./app/(main)/dashboard/page.jsx:11:1)
    at <unknown> (https://nextjs.org/docs/messages/module-not-found)
    at <unknown> (./app/(main)/dashboard/page.jsx:13:1)
    at <unknown> (https://nextjs.org/docs/messages/module-not-found)
    at <unknown> (./emails/WithdrawalRequestEmail.jsx:1:1)
    at <unknown> (https://nextjs.org/docs/messages/module-not-found)
    at <unknown> (./actions/dashboard.js:10:1)
    at <unknown> (https://nextjs.org/docs/messages/module-not-found)
    at <unknown> (./actions/dashboard.js:8:1)
    at <unknown> (https://nextjs.org/docs/messages/module-not-found)
    at <unknown> (./app/(main)/call/[callId]/_components/CallUI.jsx:25:1)
    at <unknown> (https://nextjs.org/docs/messages/module-not-found)
    at <unknown> (./app/(main)/call/[callId]/_components/CallUI.jsx:17:1)
    at <unknown> (./app/(main)/call/[callId]/_components/CallUI.jsx:17:1)
